01:52:01 **** Incremental Build of configuration Debug for project CAN_Master ****
make -j16 all 
Building file: ../src/main.c
Invoking: MCU GCC Compiler
D:\00_Skill_Up\House_Of_Demos\CAN\CAN_Master\Debug
arm-none-eabi-gcc -mcpu=cortex-m7 -mthumb -mfloat-abi=hard -mfpu=fpv5-sp-d16 -DSTM32F746xx -DUSE_STM32F746G_DISCO -DUSE_IOEXPANDER -DUSE_HAL_DRIVER -DDEBUG -I"D:/00_Skill_Up/House_Of_Demos/submodules/STM32CubeF7/Drivers/BSP/Components" -I"D:/00_Skill_Up/House_Of_Demos/CAN/CAN_Master/inc" -I"D:/00_Skill_Up/House_Of_Demos/submodules/STM32CubeF7/Utilities" -I"D:/00_Skill_Up/House_Of_Demos/submodules/STM32CubeF7/Utilities/CPU" -I"D:/00_Skill_Up/House_Of_Demos/submodules/STM32CubeF7/Utilities/Fonts" -I"D:/00_Skill_Up/House_Of_Demos/submodules/STM32CubeF7/Utilities/Log" -I"D:/00_Skill_Up/House_Of_Demos/submodules/STM32CubeF7/Drivers/STM32F7xx_HAL_Driver/Inc" -I"D:/00_Skill_Up/House_Of_Demos/submodules/STM32CubeF7/Drivers/BSP/Components/Common" -I"D:/00_Skill_Up/House_Of_Demos/submodules/STM32CubeF7/Drivers/BSP/STM32746G-Discovery" -I"D:/00_Skill_Up/House_Of_Demos/submodules/STM32CubeF7/Drivers/CMSIS/Include" -I"D:/00_Skill_Up/House_Of_Demos/submodules/STM32CubeF7/Drivers/CMSIS/Device/ST/STM32F7xx/Include"  -O0 -g3 -Wall -fmessage-length=0 -ffunction-sections -c -MMD -MP -MF"src/main.d" -MT"src/main.o" -o "src/main.o" "../src/main.c"
Finished building: ../src/main.c
 
Building target: CAN_Master.elf
Invoking: MCU GCC Linker
arm-none-eabi-gcc -mcpu=cortex-m7 -mthumb -mfloat-abi=hard -mfpu=fpv5-sp-d16 -specs=nosys.specs -specs=nano.specs -T"D:/00_Skill_Up/House_Of_Demos/CAN/CAN_Master/LinkerScript.ld" -Wl,-Map=output.map -Wl,--gc-sections -o "CAN_Master.elf" @"objects.list"   -lm
Finished building target: CAN_Master.elf
 
C:/Ac6/SystemWorkbench/plugins/fr.ac6.mcu.externaltools.arm-none.win32_1.17.0.201812190825/tools/make/make --no-print-directory post-build
Generating binary and Printing size information:
arm-none-eabi-objcopy -O binary "CAN_Master.elf" "CAN_Master.bin"
arm-none-eabi-size "CAN_Master.elf"
   text	   data	    bss	    dec	    hex	filename
  52216	    188	  17348	  69752	  11078	CAN_Master.elf
 
