20:49:52 **** Build of configuration Debug for project STM32F103RB_Nucleo_printf(base) ****
make all 
Building file: C://STM32CubeF1/Projects/STM32F103RB-Nucleo/Examples/UART/UART_Printf/Src/main.c
Invoking: MCU GCC Compiler
C:\STM32CubeF1\Projects\STM32F103RB-Nucleo\Examples\UART\UART_Printf\SW4STM32\STM32F103RB_Nucleo\Debug
arm-none-eabi-gcc -mcpu=cortex-m3 -mthumb -mfloat-abi=soft -DUSE_HAL_DRIVER -DSTM32F103xB -DUSE_STM32F1xx_NUCLEO -I"C:/STM32CubeF1/Projects/STM32F103RB-Nucleo/Examples/UART/UART_Printf/Inc" -I"C:/STM32CubeF1/Drivers/CMSIS/Device/ST/STM32F1xx/Include" -I"C:/STM32CubeF1/Drivers/STM32F1xx_HAL_Driver/Inc" -I"C:/STM32CubeF1/Drivers/BSP/STM32F1xx_Nucleo" -I"C:/STM32CubeF1/Drivers/CMSIS/Include"  -Os -g3 -Wall -fmessage-length=0 -ffunction-sections -c -fmessage-length=0 -MMD -MP -MF"Example/User/main.d" -MT"Example/User/main.o" -o "Example/User/main.o" "C://STM32CubeF1/Projects/STM32F103RB-Nucleo/Examples/UART/UART_Printf/Src/main.c"
Finished building: C://STM32CubeF1/Projects/STM32F103RB-Nucleo/Examples/UART/UART_Printf/Src/main.c
 
Building file: C://STM32CubeF1/Projects/STM32F103RB-Nucleo/Examples/UART/UART_Printf/Src/stm32f1xx_hal_msp.c
Invoking: MCU GCC Compiler
C:\STM32CubeF1\Projects\STM32F103RB-Nucleo\Examples\UART\UART_Printf\SW4STM32\STM32F103RB_Nucleo\Debug
arm-none-eabi-gcc -mcpu=cortex-m3 -mthumb -mfloat-abi=soft -DUSE_HAL_DRIVER -DSTM32F103xB -DUSE_STM32F1xx_NUCLEO -I"C:/STM32CubeF1/Projects/STM32F103RB-Nucleo/Examples/UART/UART_Printf/Inc" -I"C:/STM32CubeF1/Drivers/CMSIS/Device/ST/STM32F1xx/Include" -I"C:/STM32CubeF1/Drivers/STM32F1xx_HAL_Driver/Inc" -I"C:/STM32CubeF1/Drivers/BSP/STM32F1xx_Nucleo" -I"C:/STM32CubeF1/Drivers/CMSIS/Include"  -Os -g3 -Wall -fmessage-length=0 -ffunction-sections -c -fmessage-length=0 -MMD -MP -MF"Example/User/stm32f1xx_hal_msp.d" -MT"Example/User/stm32f1xx_hal_msp.o" -o "Example/User/stm32f1xx_hal_msp.o" "C://STM32CubeF1/Projects/STM32F103RB-Nucleo/Examples/UART/UART_Printf/Src/stm32f1xx_hal_msp.c"
Finished building: C://STM32CubeF1/Projects/STM32F103RB-Nucleo/Examples/UART/UART_Printf/Src/stm32f1xx_hal_msp.c
 
Building file: C://STM32CubeF1/Projects/STM32F103RB-Nucleo/Examples/UART/UART_Printf/Src/stm32f1xx_it.c
Invoking: MCU GCC Compiler
C:\STM32CubeF1\Projects\STM32F103RB-Nucleo\Examples\UART\UART_Printf\SW4STM32\STM32F103RB_Nucleo\Debug
arm-none-eabi-gcc -mcpu=cortex-m3 -mthumb -mfloat-abi=soft -DUSE_HAL_DRIVER -DSTM32F103xB -DUSE_STM32F1xx_NUCLEO -I"C:/STM32CubeF1/Projects/STM32F103RB-Nucleo/Examples/UART/UART_Printf/Inc" -I"C:/STM32CubeF1/Drivers/CMSIS/Device/ST/STM32F1xx/Include" -I"C:/STM32CubeF1/Drivers/STM32F1xx_HAL_Driver/Inc" -I"C:/STM32CubeF1/Drivers/BSP/STM32F1xx_Nucleo" -I"C:/STM32CubeF1/Drivers/CMSIS/Include"  -Os -g3 -Wall -fmessage-length=0 -ffunction-sections -c -fmessage-length=0 -MMD -MP -MF"Example/User/stm32f1xx_it.d" -MT"Example/User/stm32f1xx_it.o" -o "Example/User/stm32f1xx_it.o" "C://STM32CubeF1/Projects/STM32F103RB-Nucleo/Examples/UART/UART_Printf/Src/stm32f1xx_it.c"
Finished building: C://STM32CubeF1/Projects/STM32F103RB-Nucleo/Examples/UART/UART_Printf/Src/stm32f1xx_it.c
 
Building file: C://STM32CubeF1/Projects/STM32F103RB-Nucleo/Examples/UART/UART_Printf/SW4STM32/startup_stm32f103xb.s
Invoking: MCU GCC Assembler
C:\STM32CubeF1\Projects\STM32F103RB-Nucleo\Examples\UART\UART_Printf\SW4STM32\STM32F103RB_Nucleo\Debug
arm-none-eabi-as -mcpu=cortex-m3 -mthumb -mfloat-abi=soft -g -o "Example/SW4STM32/startup_stm32f103xb.o" "C://STM32CubeF1/Projects/STM32F103RB-Nucleo/Examples/UART/UART_Printf/SW4STM32/startup_stm32f103xb.s"
Finished building: C://STM32CubeF1/Projects/STM32F103RB-Nucleo/Examples/UART/UART_Printf/SW4STM32/startup_stm32f103xb.s
 
Building file: C://STM32CubeF1/Projects/STM32F103RB-Nucleo/Examples/UART/UART_Printf/SW4STM32/syscalls.c
Invoking: MCU GCC Compiler
C:\STM32CubeF1\Projects\STM32F103RB-Nucleo\Examples\UART\UART_Printf\SW4STM32\STM32F103RB_Nucleo\Debug
arm-none-eabi-gcc -mcpu=cortex-m3 -mthumb -mfloat-abi=soft -DUSE_HAL_DRIVER -DSTM32F103xB -DUSE_STM32F1xx_NUCLEO -I"C:/STM32CubeF1/Projects/STM32F103RB-Nucleo/Examples/UART/UART_Printf/Inc" -I"C:/STM32CubeF1/Drivers/CMSIS/Device/ST/STM32F1xx/Include" -I"C:/STM32CubeF1/Drivers/STM32F1xx_HAL_Driver/Inc" -I"C:/STM32CubeF1/Drivers/BSP/STM32F1xx_Nucleo" -I"C:/STM32CubeF1/Drivers/CMSIS/Include"  -Os -g3 -Wall -fmessage-length=0 -ffunction-sections -c -fmessage-length=0 -MMD -MP -MF"Example/SW4STM32/syscalls.d" -MT"Example/SW4STM32/syscalls.o" -o "Example/SW4STM32/syscalls.o" "C://STM32CubeF1/Projects/STM32F103RB-Nucleo/Examples/UART/UART_Printf/SW4STM32/syscalls.c"
Finished building: C://STM32CubeF1/Projects/STM32F103RB-Nucleo/Examples/UART/UART_Printf/SW4STM32/syscalls.c
 
Building file: C:/STM32CubeF1/Drivers/STM32F1xx_HAL_Driver/Src/stm32f1xx_hal.c
Invoking: MCU GCC Compiler
C:\STM32CubeF1\Projects\STM32F103RB-Nucleo\Examples\UART\UART_Printf\SW4STM32\STM32F103RB_Nucleo\Debug
arm-none-eabi-gcc -mcpu=cortex-m3 -mthumb -mfloat-abi=soft -DUSE_HAL_DRIVER -DSTM32F103xB -DUSE_STM32F1xx_NUCLEO -I"C:/STM32CubeF1/Projects/STM32F103RB-Nucleo/Examples/UART/UART_Printf/Inc" -I"C:/STM32CubeF1/Drivers/CMSIS/Device/ST/STM32F1xx/Include" -I"C:/STM32CubeF1/Drivers/STM32F1xx_HAL_Driver/Inc" -I"C:/STM32CubeF1/Drivers/BSP/STM32F1xx_Nucleo" -I"C:/STM32CubeF1/Drivers/CMSIS/Include"  -Os -g3 -Wall -fmessage-length=0 -ffunction-sections -c -fmessage-length=0 -MMD -MP -MF"Drivers/STM32F1xx_HAL_Driver/stm32f1xx_hal.d" -MT"Drivers/STM32F1xx_HAL_Driver/stm32f1xx_hal.o" -o "Drivers/STM32F1xx_HAL_Driver/stm32f1xx_hal.o" "C:/STM32CubeF1/Drivers/STM32F1xx_HAL_Driver/Src/stm32f1xx_hal.c"
Finished building: C:/STM32CubeF1/Drivers/STM32F1xx_HAL_Driver/Src/stm32f1xx_hal.c
 
Building file: C:/STM32CubeF1/Drivers/STM32F1xx_HAL_Driver/Src/stm32f1xx_hal_cortex.c
Invoking: MCU GCC Compiler
C:\STM32CubeF1\Projects\STM32F103RB-Nucleo\Examples\UART\UART_Printf\SW4STM32\STM32F103RB_Nucleo\Debug
arm-none-eabi-gcc -mcpu=cortex-m3 -mthumb -mfloat-abi=soft -DUSE_HAL_DRIVER -DSTM32F103xB -DUSE_STM32F1xx_NUCLEO -I"C:/STM32CubeF1/Projects/STM32F103RB-Nucleo/Examples/UART/UART_Printf/Inc" -I"C:/STM32CubeF1/Drivers/CMSIS/Device/ST/STM32F1xx/Include" -I"C:/STM32CubeF1/Drivers/STM32F1xx_HAL_Driver/Inc" -I"C:/STM32CubeF1/Drivers/BSP/STM32F1xx_Nucleo" -I"C:/STM32CubeF1/Drivers/CMSIS/Include"  -Os -g3 -Wall -fmessage-length=0 -ffunction-sections -c -fmessage-length=0 -MMD -MP -MF"Drivers/STM32F1xx_HAL_Driver/stm32f1xx_hal_cortex.d" -MT"Drivers/STM32F1xx_HAL_Driver/stm32f1xx_hal_cortex.o" -o "Drivers/STM32F1xx_HAL_Driver/stm32f1xx_hal_cortex.o" "C:/STM32CubeF1/Drivers/STM32F1xx_HAL_Driver/Src/stm32f1xx_hal_cortex.c"
Finished building: C:/STM32CubeF1/Drivers/STM32F1xx_HAL_Driver/Src/stm32f1xx_hal_cortex.c
 
Building file: C:/STM32CubeF1/Drivers/STM32F1xx_HAL_Driver/Src/stm32f1xx_hal_dma.c
Invoking: MCU GCC Compiler
C:\STM32CubeF1\Projects\STM32F103RB-Nucleo\Examples\UART\UART_Printf\SW4STM32\STM32F103RB_Nucleo\Debug
arm-none-eabi-gcc -mcpu=cortex-m3 -mthumb -mfloat-abi=soft -DUSE_HAL_DRIVER -DSTM32F103xB -DUSE_STM32F1xx_NUCLEO -I"C:/STM32CubeF1/Projects/STM32F103RB-Nucleo/Examples/UART/UART_Printf/Inc" -I"C:/STM32CubeF1/Drivers/CMSIS/Device/ST/STM32F1xx/Include" -I"C:/STM32CubeF1/Drivers/STM32F1xx_HAL_Driver/Inc" -I"C:/STM32CubeF1/Drivers/BSP/STM32F1xx_Nucleo" -I"C:/STM32CubeF1/Drivers/CMSIS/Include"  -Os -g3 -Wall -fmessage-length=0 -ffunction-sections -c -fmessage-length=0 -MMD -MP -MF"Drivers/STM32F1xx_HAL_Driver/stm32f1xx_hal_dma.d" -MT"Drivers/STM32F1xx_HAL_Driver/stm32f1xx_hal_dma.o" -o "Drivers/STM32F1xx_HAL_Driver/stm32f1xx_hal_dma.o" "C:/STM32CubeF1/Drivers/STM32F1xx_HAL_Driver/Src/stm32f1xx_hal_dma.c"
Finished building: C:/STM32CubeF1/Drivers/STM32F1xx_HAL_Driver/Src/stm32f1xx_hal_dma.c
 
Building file: C:/STM32CubeF1/Drivers/STM32F1xx_HAL_Driver/Src/stm32f1xx_hal_gpio.c
Invoking: MCU GCC Compiler
C:\STM32CubeF1\Projects\STM32F103RB-Nucleo\Examples\UART\UART_Printf\SW4STM32\STM32F103RB_Nucleo\Debug
arm-none-eabi-gcc -mcpu=cortex-m3 -mthumb -mfloat-abi=soft -DUSE_HAL_DRIVER -DSTM32F103xB -DUSE_STM32F1xx_NUCLEO -I"C:/STM32CubeF1/Projects/STM32F103RB-Nucleo/Examples/UART/UART_Printf/Inc" -I"C:/STM32CubeF1/Drivers/CMSIS/Device/ST/STM32F1xx/Include" -I"C:/STM32CubeF1/Drivers/STM32F1xx_HAL_Driver/Inc" -I"C:/STM32CubeF1/Drivers/BSP/STM32F1xx_Nucleo" -I"C:/STM32CubeF1/Drivers/CMSIS/Include"  -Os -g3 -Wall -fmessage-length=0 -ffunction-sections -c -fmessage-length=0 -MMD -MP -MF"Drivers/STM32F1xx_HAL_Driver/stm32f1xx_hal_gpio.d" -MT"Drivers/STM32F1xx_HAL_Driver/stm32f1xx_hal_gpio.o" -o "Drivers/STM32F1xx_HAL_Driver/stm32f1xx_hal_gpio.o" "C:/STM32CubeF1/Drivers/STM32F1xx_HAL_Driver/Src/stm32f1xx_hal_gpio.c"
Finished building: C:/STM32CubeF1/Drivers/STM32F1xx_HAL_Driver/Src/stm32f1xx_hal_gpio.c
 
Building file: C:/STM32CubeF1/Drivers/STM32F1xx_HAL_Driver/Src/stm32f1xx_hal_rcc.c
Invoking: MCU GCC Compiler
C:\STM32CubeF1\Projects\STM32F103RB-Nucleo\Examples\UART\UART_Printf\SW4STM32\STM32F103RB_Nucleo\Debug
arm-none-eabi-gcc -mcpu=cortex-m3 -mthumb -mfloat-abi=soft -DUSE_HAL_DRIVER -DSTM32F103xB -DUSE_STM32F1xx_NUCLEO -I"C:/STM32CubeF1/Projects/STM32F103RB-Nucleo/Examples/UART/UART_Printf/Inc" -I"C:/STM32CubeF1/Drivers/CMSIS/Device/ST/STM32F1xx/Include" -I"C:/STM32CubeF1/Drivers/STM32F1xx_HAL_Driver/Inc" -I"C:/STM32CubeF1/Drivers/BSP/STM32F1xx_Nucleo" -I"C:/STM32CubeF1/Drivers/CMSIS/Include"  -Os -g3 -Wall -fmessage-length=0 -ffunction-sections -c -fmessage-length=0 -MMD -MP -MF"Drivers/STM32F1xx_HAL_Driver/stm32f1xx_hal_rcc.d" -MT"Drivers/STM32F1xx_HAL_Driver/stm32f1xx_hal_rcc.o" -o "Drivers/STM32F1xx_HAL_Driver/stm32f1xx_hal_rcc.o" "C:/STM32CubeF1/Drivers/STM32F1xx_HAL_Driver/Src/stm32f1xx_hal_rcc.c"
Finished building: C:/STM32CubeF1/Drivers/STM32F1xx_HAL_Driver/Src/stm32f1xx_hal_rcc.c
 
Building file: C:/STM32CubeF1/Drivers/STM32F1xx_HAL_Driver/Src/stm32f1xx_hal_rcc_ex.c
Invoking: MCU GCC Compiler
C:\STM32CubeF1\Projects\STM32F103RB-Nucleo\Examples\UART\UART_Printf\SW4STM32\STM32F103RB_Nucleo\Debug
arm-none-eabi-gcc -mcpu=cortex-m3 -mthumb -mfloat-abi=soft -DUSE_HAL_DRIVER -DSTM32F103xB -DUSE_STM32F1xx_NUCLEO -I"C:/STM32CubeF1/Projects/STM32F103RB-Nucleo/Examples/UART/UART_Printf/Inc" -I"C:/STM32CubeF1/Drivers/CMSIS/Device/ST/STM32F1xx/Include" -I"C:/STM32CubeF1/Drivers/STM32F1xx_HAL_Driver/Inc" -I"C:/STM32CubeF1/Drivers/BSP/STM32F1xx_Nucleo" -I"C:/STM32CubeF1/Drivers/CMSIS/Include"  -Os -g3 -Wall -fmessage-length=0 -ffunction-sections -c -fmessage-length=0 -MMD -MP -MF"Drivers/STM32F1xx_HAL_Driver/stm32f1xx_hal_rcc_ex.d" -MT"Drivers/STM32F1xx_HAL_Driver/stm32f1xx_hal_rcc_ex.o" -o "Drivers/STM32F1xx_HAL_Driver/stm32f1xx_hal_rcc_ex.o" "C:/STM32CubeF1/Drivers/STM32F1xx_HAL_Driver/Src/stm32f1xx_hal_rcc_ex.c"
Finished building: C:/STM32CubeF1/Drivers/STM32F1xx_HAL_Driver/Src/stm32f1xx_hal_rcc_ex.c
 
Building file: C:/STM32CubeF1/Drivers/STM32F1xx_HAL_Driver/Src/stm32f1xx_hal_uart.c
Invoking: MCU GCC Compiler
C:\STM32CubeF1\Projects\STM32F103RB-Nucleo\Examples\UART\UART_Printf\SW4STM32\STM32F103RB_Nucleo\Debug
arm-none-eabi-gcc -mcpu=cortex-m3 -mthumb -mfloat-abi=soft -DUSE_HAL_DRIVER -DSTM32F103xB -DUSE_STM32F1xx_NUCLEO -I"C:/STM32CubeF1/Projects/STM32F103RB-Nucleo/Examples/UART/UART_Printf/Inc" -I"C:/STM32CubeF1/Drivers/CMSIS/Device/ST/STM32F1xx/Include" -I"C:/STM32CubeF1/Drivers/STM32F1xx_HAL_Driver/Inc" -I"C:/STM32CubeF1/Drivers/BSP/STM32F1xx_Nucleo" -I"C:/STM32CubeF1/Drivers/CMSIS/Include"  -Os -g3 -Wall -fmessage-length=0 -ffunction-sections -c -fmessage-length=0 -MMD -MP -MF"Drivers/STM32F1xx_HAL_Driver/stm32f1xx_hal_uart.d" -MT"Drivers/STM32F1xx_HAL_Driver/stm32f1xx_hal_uart.o" -o "Drivers/STM32F1xx_HAL_Driver/stm32f1xx_hal_uart.o" "C:/STM32CubeF1/Drivers/STM32F1xx_HAL_Driver/Src/stm32f1xx_hal_uart.c"
Finished building: C:/STM32CubeF1/Drivers/STM32F1xx_HAL_Driver/Src/stm32f1xx_hal_uart.c
 
Building file: C://STM32CubeF1/Projects/STM32F103RB-Nucleo/Examples/UART/UART_Printf/Src/system_stm32f1xx.c
Invoking: MCU GCC Compiler
C:\STM32CubeF1\Projects\STM32F103RB-Nucleo\Examples\UART\UART_Printf\SW4STM32\STM32F103RB_Nucleo\Debug
arm-none-eabi-gcc -mcpu=cortex-m3 -mthumb -mfloat-abi=soft -DUSE_HAL_DRIVER -DSTM32F103xB -DUSE_STM32F1xx_NUCLEO -I"C:/STM32CubeF1/Projects/STM32F103RB-Nucleo/Examples/UART/UART_Printf/Inc" -I"C:/STM32CubeF1/Drivers/CMSIS/Device/ST/STM32F1xx/Include" -I"C:/STM32CubeF1/Drivers/STM32F1xx_HAL_Driver/Inc" -I"C:/STM32CubeF1/Drivers/BSP/STM32F1xx_Nucleo" -I"C:/STM32CubeF1/Drivers/CMSIS/Include"  -Os -g3 -Wall -fmessage-length=0 -ffunction-sections -c -fmessage-length=0 -MMD -MP -MF"Drivers/CMSIS/system_stm32f1xx.d" -MT"Drivers/CMSIS/system_stm32f1xx.o" -o "Drivers/CMSIS/system_stm32f1xx.o" "C://STM32CubeF1/Projects/STM32F103RB-Nucleo/Examples/UART/UART_Printf/Src/system_stm32f1xx.c"
Finished building: C://STM32CubeF1/Projects/STM32F103RB-Nucleo/Examples/UART/UART_Printf/Src/system_stm32f1xx.c
 
Building file: C:/STM32CubeF1/Drivers/BSP/STM32F1xx_Nucleo/stm32f1xx_nucleo.c
Invoking: MCU GCC Compiler
C:\STM32CubeF1\Projects\STM32F103RB-Nucleo\Examples\UART\UART_Printf\SW4STM32\STM32F103RB_Nucleo\Debug
arm-none-eabi-gcc -mcpu=cortex-m3 -mthumb -mfloat-abi=soft -DUSE_HAL_DRIVER -DSTM32F103xB -DUSE_STM32F1xx_NUCLEO -I"C:/STM32CubeF1/Projects/STM32F103RB-Nucleo/Examples/UART/UART_Printf/Inc" -I"C:/STM32CubeF1/Drivers/CMSIS/Device/ST/STM32F1xx/Include" -I"C:/STM32CubeF1/Drivers/STM32F1xx_HAL_Driver/Inc" -I"C:/STM32CubeF1/Drivers/BSP/STM32F1xx_Nucleo" -I"C:/STM32CubeF1/Drivers/CMSIS/Include"  -Os -g3 -Wall -fmessage-length=0 -ffunction-sections -c -fmessage-length=0 -MMD -MP -MF"Drivers/BSP/STM32F1xx_Nucleo/stm32f1xx_nucleo.d" -MT"Drivers/BSP/STM32F1xx_Nucleo/stm32f1xx_nucleo.o" -o "Drivers/BSP/STM32F1xx_Nucleo/stm32f1xx_nucleo.o" "C:/STM32CubeF1/Drivers/BSP/STM32F1xx_Nucleo/stm32f1xx_nucleo.c"
Finished building: C:/STM32CubeF1/Drivers/BSP/STM32F1xx_Nucleo/stm32f1xx_nucleo.c
 
Building target: STM32F103RB_Nucleo_printf(base).elf
Invoking: MCU GCC Linker
arm-none-eabi-gcc -mcpu=cortex-m3 -mthumb -mfloat-abi=soft -specs=nosys.specs -specs=nano.specs -T"../STM32F103VBIx_FLASH.ld" -Wl,-Map=output.map -Wl,--gc-sections -o "STM32F103RB_Nucleo_printf(base).elf" @"objects.list"   -lm
Finished building target: STM32F103RB_Nucleo_printf(base).elf
 
C:/Ac6/SystemWorkbench/plugins/fr.ac6.mcu.externaltools.arm-none.win32_1.17.0.201812190825/tools/make/make --no-print-directory post-build
Generating binary and Printing size information:
arm-none-eabi-objcopy -O binary "STM32F103RB_Nucleo_printf(base).elf" "STM32F103RB_Nucleo_printf(base).bin"
arm-none-eabi-size "STM32F103RB_Nucleo_printf(base).elf"
   text	   data	    bss	    dec	    hex	filename
   7672	    128	   1664	   9464	   24f8	STM32F103RB_Nucleo_printf(base).elf
 

20:50:07 Build Finished (took 15s.86ms)

